[iniuntukkamu.vercel.app/favicon.ico]
[backblue.gif]
[fade.gif]
[index.html]
[iniuntukkamu.vercel.app/_next/static/css/eac2d8979459b915.css]
[iniuntukkamu.vercel.app/_next/static/css/461c2813990c7478.css]
[iniuntukkamu.vercel.app/_next/static/chunks/polyfills-42372ed130431b0a.js]
[iniuntukkamu.vercel.app/_next/static/chunks/webpack-8cac0b4b405cede1.js]
[iniuntukkamu.vercel.app/_next/static/chunks/framework-84d6ee64cdf12741.js]
[iniuntukkamu.vercel.app/_next/static/chunks/main-5967226b86c09d72.js]
[iniuntukkamu.vercel.app/_next/static/chunks/pages/_app-26ce5311d95a95cc.js]
[iniuntukkamu.vercel.app/_next/static/chunks/pages/index-4de71f3612864f64.js]
[iniuntukkamu.vercel.app/_next/static/FzeLVax-qVMF_tuNMlt8t/_buildManifest.js]
[iniuntukkamu.vercel.app/_next/static/FzeLVax-qVMF_tuNMlt8t/_ssgManifest.js]
[iniuntukkamu.vercel.app/audio/birthday-song.mp3]
[iniuntukkamu.vercel.app/index.html]
[iniuntukkamu.vercel.app/_next/static/css/eac2d8979459b915.css]
[iniuntukkamu.vercel.app/_next/static/css/461c2813990c7478.css]
